// Jest Snapshot v1, https://goo.gl/fbAQLP

exports[`presentation/components/Input should match snapshot 1`] = `
{
  "asFragment": [Function],
  "baseElement": .c0 {
  margin-top: 20px;
  position: relative;
  margin-left: 20px;
}

.c1 {
  border-radius: 2xl;
  color: #7f5af0;
  cursor: text;
  left: 6px;
  padding: 0.5px 5px;
  position: absolute;
  top: -9px;
  -webkit-transition: 0.2s ease all;
  transition: 0.2s ease all;
  z-index: 1000;
}

.c2 {
  background-color: #16161a;
  border: #7f5af0 1px solid;
  border-radius: 2px;
  color: #fffffe;
  height: 45px;
  padding-left: 15px;
  padding-bottom: 2px;
  width: 270px;
}

.c2:focus {
  outline: none;
}

<body>
    <div>
      <div
        class="c0"
      >
        <a
          class="c1"
          data-testid="Input/Label"
          scale="medium"
        >
          Email
        </a>
        <input
          class="c2"
          data-testid="Input/StyledInput"
          name="email@email.com"
          scale="medium"
          type="text"
          value="email@email.com"
        />
      </div>
    </div>
  </body>,
  "container": .c0 {
  margin-top: 20px;
  position: relative;
  margin-left: 20px;
}

.c1 {
  border-radius: 2xl;
  color: #7f5af0;
  cursor: text;
  left: 6px;
  padding: 0.5px 5px;
  position: absolute;
  top: -9px;
  -webkit-transition: 0.2s ease all;
  transition: 0.2s ease all;
  z-index: 1000;
}

.c2 {
  background-color: #16161a;
  border: #7f5af0 1px solid;
  border-radius: 2px;
  color: #fffffe;
  height: 45px;
  padding-left: 15px;
  padding-bottom: 2px;
  width: 270px;
}

.c2:focus {
  outline: none;
}

<div>
    <div
      class="c0"
    >
      <a
        class="c1"
        data-testid="Input/Label"
        scale="medium"
      >
        Email
      </a>
      <input
        class="c2"
        data-testid="Input/StyledInput"
        name="email@email.com"
        scale="medium"
        type="text"
        value="email@email.com"
      />
    </div>
  </div>,
  "debug": [Function],
  "findAllByAltText": [Function],
  "findAllByDisplayValue": [Function],
  "findAllByLabelText": [Function],
  "findAllByPlaceholderText": [Function],
  "findAllByRole": [Function],
  "findAllByTestId": [Function],
  "findAllByText": [Function],
  "findAllByTitle": [Function],
  "findByAltText": [Function],
  "findByDisplayValue": [Function],
  "findByLabelText": [Function],
  "findByPlaceholderText": [Function],
  "findByRole": [Function],
  "findByTestId": [Function],
  "findByText": [Function],
  "findByTitle": [Function],
  "getAllByAltText": [Function],
  "getAllByDisplayValue": [Function],
  "getAllByLabelText": [Function],
  "getAllByPlaceholderText": [Function],
  "getAllByRole": [Function],
  "getAllByTestId": [Function],
  "getAllByText": [Function],
  "getAllByTitle": [Function],
  "getByAltText": [Function],
  "getByDisplayValue": [Function],
  "getByLabelText": [Function],
  "getByPlaceholderText": [Function],
  "getByRole": [Function],
  "getByTestId": [Function],
  "getByText": [Function],
  "getByTitle": [Function],
  "queryAllByAltText": [Function],
  "queryAllByDisplayValue": [Function],
  "queryAllByLabelText": [Function],
  "queryAllByPlaceholderText": [Function],
  "queryAllByRole": [Function],
  "queryAllByTestId": [Function],
  "queryAllByText": [Function],
  "queryAllByTitle": [Function],
  "queryByAltText": [Function],
  "queryByDisplayValue": [Function],
  "queryByLabelText": [Function],
  "queryByPlaceholderText": [Function],
  "queryByRole": [Function],
  "queryByTestId": [Function],
  "queryByText": [Function],
  "queryByTitle": [Function],
  "rerender": [Function],
  "unmount": [Function],
}
`;
