// Jest Snapshot v1, https://goo.gl/fbAQLP

exports[`presentation/screens/Auth/LoginBox should match snapshot 1`] = `
{
  "asFragment": [Function],
  "baseElement": <body>
    <div>
      <div
        class="sc-ftTHYK eDlwTg"
      >
        <h1
          class="sc-pyfCe csxPwX"
        >
          Login
        </h1>
        <div
          class="sc-jrcTuL khraKV"
        >
          <div
            class="sc-dkrFOg gZiSLJ"
          >
            <a
              class="sc-hLBbgP bjecrs"
              data-testid="Input/Label"
              scale="large"
            >
              E-mail
            </a>
            <input
              class="sc-eDvSVe hJjMXc"
              data-testid="Input/StyledInput"
              name="email"
              scale="large"
              type="text"
              value="email@email.com"
            />
          </div>
        </div>
        <div
          class="sc-kDvujY"
        >
          <button
            class="sc-bcXHqe eNsOjl"
            data-testid="Button/Button"
            scale="large"
            type="button"
          >
            <span
              class="sc-gswNZR eYthHy"
              scale="large"
            >
              Entrar
            </span>
          </button>
        </div>
      </div>
    </div>
  </body>,
  "container": <div>
    <div
      class="sc-ftTHYK eDlwTg"
    >
      <h1
        class="sc-pyfCe csxPwX"
      >
        Login
      </h1>
      <div
        class="sc-jrcTuL khraKV"
      >
        <div
          class="sc-dkrFOg gZiSLJ"
        >
          <a
            class="sc-hLBbgP bjecrs"
            data-testid="Input/Label"
            scale="large"
          >
            E-mail
          </a>
          <input
            class="sc-eDvSVe hJjMXc"
            data-testid="Input/StyledInput"
            name="email"
            scale="large"
            type="text"
            value="email@email.com"
          />
        </div>
      </div>
      <div
        class="sc-kDvujY"
      >
        <button
          class="sc-bcXHqe eNsOjl"
          data-testid="Button/Button"
          scale="large"
          type="button"
        >
          <span
            class="sc-gswNZR eYthHy"
            scale="large"
          >
            Entrar
          </span>
        </button>
      </div>
    </div>
  </div>,
  "debug": [Function],
  "findAllByAltText": [Function],
  "findAllByDisplayValue": [Function],
  "findAllByLabelText": [Function],
  "findAllByPlaceholderText": [Function],
  "findAllByRole": [Function],
  "findAllByTestId": [Function],
  "findAllByText": [Function],
  "findAllByTitle": [Function],
  "findByAltText": [Function],
  "findByDisplayValue": [Function],
  "findByLabelText": [Function],
  "findByPlaceholderText": [Function],
  "findByRole": [Function],
  "findByTestId": [Function],
  "findByText": [Function],
  "findByTitle": [Function],
  "getAllByAltText": [Function],
  "getAllByDisplayValue": [Function],
  "getAllByLabelText": [Function],
  "getAllByPlaceholderText": [Function],
  "getAllByRole": [Function],
  "getAllByTestId": [Function],
  "getAllByText": [Function],
  "getAllByTitle": [Function],
  "getByAltText": [Function],
  "getByDisplayValue": [Function],
  "getByLabelText": [Function],
  "getByPlaceholderText": [Function],
  "getByRole": [Function],
  "getByTestId": [Function],
  "getByText": [Function],
  "getByTitle": [Function],
  "queryAllByAltText": [Function],
  "queryAllByDisplayValue": [Function],
  "queryAllByLabelText": [Function],
  "queryAllByPlaceholderText": [Function],
  "queryAllByRole": [Function],
  "queryAllByTestId": [Function],
  "queryAllByText": [Function],
  "queryAllByTitle": [Function],
  "queryByAltText": [Function],
  "queryByDisplayValue": [Function],
  "queryByLabelText": [Function],
  "queryByPlaceholderText": [Function],
  "queryByRole": [Function],
  "queryByTestId": [Function],
  "queryByText": [Function],
  "queryByTitle": [Function],
  "rerender": [Function],
  "unmount": [Function],
}
`;
