// Jest Snapshot v1, https://goo.gl/fbAQLP

exports[`presentation/components/Header should match snapshot 1`] = `
{
  "asFragment": [Function],
  "baseElement": <body>
    <div>
      <header
        class="sc-bcXHqe eHDFxN"
      >
        <button
          class="sc-gswNZR bVtgCF"
          data-testid="Header/MenuButton"
        >
          <img
            alt="menu"
            src="[object Object]"
          />
        </button>
        <div
          class="sc-dkrFOg kJEZRB"
        >
          <button
            class="sc-eDvSVe iUasUO"
            data-testid="Header/DateButton"
            value="month"
          >
            <p
              class="sc-hLBbgP kCFwqV"
            >
              mês: 
            </p>
            <span>
              Janeiro
            </span>
          </button>
          <button
            class="sc-eDvSVe eKDymJ"
            data-testid="Header/ExpenseButton"
            value="expense"
          >
            <p
              class="sc-hLBbgP kCFwqV"
            >
              total de despesas: 
            </p>
            <span>
              R$
              100
            </span>
          </button>
          <button
            class="sc-eDvSVe yYooT"
            data-testid="Header/IncomeButton"
            value="income"
          >
            <p
              class="sc-hLBbgP kCFwqV"
            >
              total de ganhos: 
            </p>
            <span>
              R$
              200
            </span>
          </button>
          <div
            class="sc-jSUZER brNRCF"
            data-testid="Header/CircleName"
          >
            <span>
              A
            </span>
          </div>
        </div>
      </header>
    </div>
  </body>,
  "container": <div>
    <header
      class="sc-bcXHqe eHDFxN"
    >
      <button
        class="sc-gswNZR bVtgCF"
        data-testid="Header/MenuButton"
      >
        <img
          alt="menu"
          src="[object Object]"
        />
      </button>
      <div
        class="sc-dkrFOg kJEZRB"
      >
        <button
          class="sc-eDvSVe iUasUO"
          data-testid="Header/DateButton"
          value="month"
        >
          <p
            class="sc-hLBbgP kCFwqV"
          >
            mês: 
          </p>
          <span>
            Janeiro
          </span>
        </button>
        <button
          class="sc-eDvSVe eKDymJ"
          data-testid="Header/ExpenseButton"
          value="expense"
        >
          <p
            class="sc-hLBbgP kCFwqV"
          >
            total de despesas: 
          </p>
          <span>
            R$
            100
          </span>
        </button>
        <button
          class="sc-eDvSVe yYooT"
          data-testid="Header/IncomeButton"
          value="income"
        >
          <p
            class="sc-hLBbgP kCFwqV"
          >
            total de ganhos: 
          </p>
          <span>
            R$
            200
          </span>
        </button>
        <div
          class="sc-jSUZER brNRCF"
          data-testid="Header/CircleName"
        >
          <span>
            A
          </span>
        </div>
      </div>
    </header>
  </div>,
  "debug": [Function],
  "findAllByAltText": [Function],
  "findAllByDisplayValue": [Function],
  "findAllByLabelText": [Function],
  "findAllByPlaceholderText": [Function],
  "findAllByRole": [Function],
  "findAllByTestId": [Function],
  "findAllByText": [Function],
  "findAllByTitle": [Function],
  "findByAltText": [Function],
  "findByDisplayValue": [Function],
  "findByLabelText": [Function],
  "findByPlaceholderText": [Function],
  "findByRole": [Function],
  "findByTestId": [Function],
  "findByText": [Function],
  "findByTitle": [Function],
  "getAllByAltText": [Function],
  "getAllByDisplayValue": [Function],
  "getAllByLabelText": [Function],
  "getAllByPlaceholderText": [Function],
  "getAllByRole": [Function],
  "getAllByTestId": [Function],
  "getAllByText": [Function],
  "getAllByTitle": [Function],
  "getByAltText": [Function],
  "getByDisplayValue": [Function],
  "getByLabelText": [Function],
  "getByPlaceholderText": [Function],
  "getByRole": [Function],
  "getByTestId": [Function],
  "getByText": [Function],
  "getByTitle": [Function],
  "queryAllByAltText": [Function],
  "queryAllByDisplayValue": [Function],
  "queryAllByLabelText": [Function],
  "queryAllByPlaceholderText": [Function],
  "queryAllByRole": [Function],
  "queryAllByTestId": [Function],
  "queryAllByText": [Function],
  "queryAllByTitle": [Function],
  "queryByAltText": [Function],
  "queryByDisplayValue": [Function],
  "queryByLabelText": [Function],
  "queryByPlaceholderText": [Function],
  "queryByRole": [Function],
  "queryByTestId": [Function],
  "queryByText": [Function],
  "queryByTitle": [Function],
  "rerender": [Function],
  "unmount": [Function],
}
`;
