// Jest Snapshot v1, https://goo.gl/fbAQLP

exports[`presentation/components/Drawer should match snapshot 1`] = `
{
  "asFragment": [Function],
  "baseElement": <body>
    <div>
      <div
        class="sc-bcXHqe hHHAib"
      >
        <div
          class="sc-gswNZR"
        >
          <div
            class="sc-dkrFOg cLdviv"
          >
            <h1
              class="sc-hLBbgP iFiqwX"
            >
              Digital Wallet
            </h1>
            <button
              class="sc-eDvSVe jObgSB"
              data-testid="Drawer/CloseButton"
              type="button"
            >
              <img
                alt="voltar"
                src="[object Object]"
              />
            </button>
          </div>
          <div
            class="sc-jSUZER eeFZNB"
          >
            <p
              class="sc-gKPRtg dHBAKV"
            >
              VISÃO GERAL
            </p>
            <button
              class="sc-iBYQkv kzDncL"
              data-testid="Drawer/WalletButton"
              type="button"
            >
              <img
                alt="voltar"
                src="[object Object]"
              />
              Carteira
            </button>
            <button
              class="sc-iBYQkv jXEoQB"
              data-testid="Drawer/DashboardButton"
              type="button"
            >
              <img
                alt="painel de controle"
                src="[object Object]"
              />
              Painel de Controle
            </button>
          </div>
        </div>
        <div
          class="sc-gswNZR"
        >
          <div
            class="sc-jSUZER eeFZNB"
          >
            <p
              class="sc-gKPRtg dHBAKV"
            >
              OUTROS
            </p>
            <button
              class="sc-iBYQkv kzDncL"
              data-testid="Drawer/SettingsButton"
              type="button"
            >
              <img
                alt="configurações"
                src="[object Object]"
              />
              Configurações
            </button>
            <button
              class="sc-iBYQkv kzDncL"
              data-testid="Drawer/LogoutButton"
              type="button"
            >
              <img
                alt="sair"
                src="[object Object]"
              />
              Sair
            </button>
          </div>
        </div>
      </div>
    </div>
  </body>,
  "container": <div>
    <div
      class="sc-bcXHqe hHHAib"
    >
      <div
        class="sc-gswNZR"
      >
        <div
          class="sc-dkrFOg cLdviv"
        >
          <h1
            class="sc-hLBbgP iFiqwX"
          >
            Digital Wallet
          </h1>
          <button
            class="sc-eDvSVe jObgSB"
            data-testid="Drawer/CloseButton"
            type="button"
          >
            <img
              alt="voltar"
              src="[object Object]"
            />
          </button>
        </div>
        <div
          class="sc-jSUZER eeFZNB"
        >
          <p
            class="sc-gKPRtg dHBAKV"
          >
            VISÃO GERAL
          </p>
          <button
            class="sc-iBYQkv kzDncL"
            data-testid="Drawer/WalletButton"
            type="button"
          >
            <img
              alt="voltar"
              src="[object Object]"
            />
            Carteira
          </button>
          <button
            class="sc-iBYQkv jXEoQB"
            data-testid="Drawer/DashboardButton"
            type="button"
          >
            <img
              alt="painel de controle"
              src="[object Object]"
            />
            Painel de Controle
          </button>
        </div>
      </div>
      <div
        class="sc-gswNZR"
      >
        <div
          class="sc-jSUZER eeFZNB"
        >
          <p
            class="sc-gKPRtg dHBAKV"
          >
            OUTROS
          </p>
          <button
            class="sc-iBYQkv kzDncL"
            data-testid="Drawer/SettingsButton"
            type="button"
          >
            <img
              alt="configurações"
              src="[object Object]"
            />
            Configurações
          </button>
          <button
            class="sc-iBYQkv kzDncL"
            data-testid="Drawer/LogoutButton"
            type="button"
          >
            <img
              alt="sair"
              src="[object Object]"
            />
            Sair
          </button>
        </div>
      </div>
    </div>
  </div>,
  "debug": [Function],
  "findAllByAltText": [Function],
  "findAllByDisplayValue": [Function],
  "findAllByLabelText": [Function],
  "findAllByPlaceholderText": [Function],
  "findAllByRole": [Function],
  "findAllByTestId": [Function],
  "findAllByText": [Function],
  "findAllByTitle": [Function],
  "findByAltText": [Function],
  "findByDisplayValue": [Function],
  "findByLabelText": [Function],
  "findByPlaceholderText": [Function],
  "findByRole": [Function],
  "findByTestId": [Function],
  "findByText": [Function],
  "findByTitle": [Function],
  "getAllByAltText": [Function],
  "getAllByDisplayValue": [Function],
  "getAllByLabelText": [Function],
  "getAllByPlaceholderText": [Function],
  "getAllByRole": [Function],
  "getAllByTestId": [Function],
  "getAllByText": [Function],
  "getAllByTitle": [Function],
  "getByAltText": [Function],
  "getByDisplayValue": [Function],
  "getByLabelText": [Function],
  "getByPlaceholderText": [Function],
  "getByRole": [Function],
  "getByTestId": [Function],
  "getByText": [Function],
  "getByTitle": [Function],
  "queryAllByAltText": [Function],
  "queryAllByDisplayValue": [Function],
  "queryAllByLabelText": [Function],
  "queryAllByPlaceholderText": [Function],
  "queryAllByRole": [Function],
  "queryAllByTestId": [Function],
  "queryAllByText": [Function],
  "queryAllByTitle": [Function],
  "queryByAltText": [Function],
  "queryByDisplayValue": [Function],
  "queryByLabelText": [Function],
  "queryByPlaceholderText": [Function],
  "queryByRole": [Function],
  "queryByTestId": [Function],
  "queryByText": [Function],
  "queryByTitle": [Function],
  "rerender": [Function],
  "unmount": [Function],
}
`;

exports[`presentation/components/Drawer should render other icons accordingly 1`] = `
{
  "asFragment": [Function],
  "baseElement": <body>
    <div>
      <div
        class="sc-bcXHqe hHHAib"
      >
        <div
          class="sc-gswNZR"
        >
          <div
            class="sc-dkrFOg cLdviv"
          >
            <h1
              class="sc-hLBbgP iFiqwX"
            >
              Digital Wallet
            </h1>
            <button
              class="sc-eDvSVe jObgSB"
              data-testid="Drawer/CloseButton"
              type="button"
            >
              <img
                alt="voltar"
                src="[object Object]"
              />
            </button>
          </div>
          <div
            class="sc-jSUZER eeFZNB"
          >
            <p
              class="sc-gKPRtg dHBAKV"
            >
              VISÃO GERAL
            </p>
            <button
              class="sc-iBYQkv jXEoQB"
              data-testid="Drawer/WalletButton"
              type="button"
            >
              <img
                alt="voltar"
                src="[object Object]"
              />
              Carteira
            </button>
            <button
              class="sc-iBYQkv kzDncL"
              data-testid="Drawer/DashboardButton"
              type="button"
            >
              <img
                alt="painel de controle"
                src="[object Object]"
              />
              Painel de Controle
            </button>
          </div>
        </div>
        <div
          class="sc-gswNZR"
        >
          <div
            class="sc-jSUZER eeFZNB"
          >
            <p
              class="sc-gKPRtg dHBAKV"
            >
              OUTROS
            </p>
            <button
              class="sc-iBYQkv jXEoQB"
              data-testid="Drawer/SettingsButton"
              type="button"
            >
              <img
                alt="configurações"
                src="[object Object]"
              />
              Configurações
            </button>
            <button
              class="sc-iBYQkv jXEoQB"
              data-testid="Drawer/LogoutButton"
              type="button"
            >
              <img
                alt="sair"
                src="[object Object]"
              />
              Sair
            </button>
          </div>
        </div>
      </div>
    </div>
  </body>,
  "container": <div>
    <div
      class="sc-bcXHqe hHHAib"
    >
      <div
        class="sc-gswNZR"
      >
        <div
          class="sc-dkrFOg cLdviv"
        >
          <h1
            class="sc-hLBbgP iFiqwX"
          >
            Digital Wallet
          </h1>
          <button
            class="sc-eDvSVe jObgSB"
            data-testid="Drawer/CloseButton"
            type="button"
          >
            <img
              alt="voltar"
              src="[object Object]"
            />
          </button>
        </div>
        <div
          class="sc-jSUZER eeFZNB"
        >
          <p
            class="sc-gKPRtg dHBAKV"
          >
            VISÃO GERAL
          </p>
          <button
            class="sc-iBYQkv jXEoQB"
            data-testid="Drawer/WalletButton"
            type="button"
          >
            <img
              alt="voltar"
              src="[object Object]"
            />
            Carteira
          </button>
          <button
            class="sc-iBYQkv kzDncL"
            data-testid="Drawer/DashboardButton"
            type="button"
          >
            <img
              alt="painel de controle"
              src="[object Object]"
            />
            Painel de Controle
          </button>
        </div>
      </div>
      <div
        class="sc-gswNZR"
      >
        <div
          class="sc-jSUZER eeFZNB"
        >
          <p
            class="sc-gKPRtg dHBAKV"
          >
            OUTROS
          </p>
          <button
            class="sc-iBYQkv jXEoQB"
            data-testid="Drawer/SettingsButton"
            type="button"
          >
            <img
              alt="configurações"
              src="[object Object]"
            />
            Configurações
          </button>
          <button
            class="sc-iBYQkv jXEoQB"
            data-testid="Drawer/LogoutButton"
            type="button"
          >
            <img
              alt="sair"
              src="[object Object]"
            />
            Sair
          </button>
        </div>
      </div>
    </div>
  </div>,
  "debug": [Function],
  "findAllByAltText": [Function],
  "findAllByDisplayValue": [Function],
  "findAllByLabelText": [Function],
  "findAllByPlaceholderText": [Function],
  "findAllByRole": [Function],
  "findAllByTestId": [Function],
  "findAllByText": [Function],
  "findAllByTitle": [Function],
  "findByAltText": [Function],
  "findByDisplayValue": [Function],
  "findByLabelText": [Function],
  "findByPlaceholderText": [Function],
  "findByRole": [Function],
  "findByTestId": [Function],
  "findByText": [Function],
  "findByTitle": [Function],
  "getAllByAltText": [Function],
  "getAllByDisplayValue": [Function],
  "getAllByLabelText": [Function],
  "getAllByPlaceholderText": [Function],
  "getAllByRole": [Function],
  "getAllByTestId": [Function],
  "getAllByText": [Function],
  "getAllByTitle": [Function],
  "getByAltText": [Function],
  "getByDisplayValue": [Function],
  "getByLabelText": [Function],
  "getByPlaceholderText": [Function],
  "getByRole": [Function],
  "getByTestId": [Function],
  "getByText": [Function],
  "getByTitle": [Function],
  "queryAllByAltText": [Function],
  "queryAllByDisplayValue": [Function],
  "queryAllByLabelText": [Function],
  "queryAllByPlaceholderText": [Function],
  "queryAllByRole": [Function],
  "queryAllByTestId": [Function],
  "queryAllByText": [Function],
  "queryAllByTitle": [Function],
  "queryByAltText": [Function],
  "queryByDisplayValue": [Function],
  "queryByLabelText": [Function],
  "queryByPlaceholderText": [Function],
  "queryByRole": [Function],
  "queryByTestId": [Function],
  "queryByText": [Function],
  "queryByTitle": [Function],
  "rerender": [Function],
  "unmount": [Function],
}
`;
